Unit (ubuntu-latest, arch=x86_64, WITH_TESTS=ON)	Set up job	‚à©‚ïó‚îê2025-10-19T06:36:43.7542676Z Current runner version: '2.329.0'
Unit (ubuntu-latest, arch=x86_64, WITH_TESTS=ON)	Set up job	2025-10-19T06:36:43.7626343Z ##[group]Runner Image Provisioner
Unit (ubuntu-latest, arch=x86_64, WITH_TESTS=ON)	Set up job	2025-10-19T06:36:43.7627718Z Hosted Compute Agent
Unit (ubuntu-latest, arch=x86_64, WITH_TESTS=ON)	Set up job	2025-10-19T06:36:43.7628651Z Version: 20251013.424
Unit (ubuntu-latest, arch=x86_64, WITH_TESTS=ON)	Set up job	2025-10-19T06:36:43.7629596Z Commit: cfdd8bfed34d71a55b72df4d2e82343c3fc2bab3
Unit (ubuntu-latest, arch=x86_64, WITH_TESTS=ON)	Set up job	2025-10-19T06:36:43.7630814Z Build Date: 2025-10-13T20:22:23Z
Unit (ubuntu-latest, arch=x86_64, WITH_TESTS=ON)	Set up job	2025-10-19T06:36:43.7631827Z ##[endgroup]
Unit (ubuntu-latest, arch=x86_64, WITH_TESTS=ON)	Set up job	2025-10-19T06:36:43.7632688Z ##[group]Operating System
Unit (ubuntu-latest, arch=x86_64, WITH_TESTS=ON)	Set up job	2025-10-19T06:36:43.7633891Z Ubuntu
Unit (ubuntu-latest, arch=x86_64, WITH_TESTS=ON)	Set up job	2025-10-19T06:36:43.7634605Z 24.04.3
Unit (ubuntu-latest, arch=x86_64, WITH_TESTS=ON)	Set up job	2025-10-19T06:36:43.7635336Z LTS
Unit (ubuntu-latest, arch=x86_64, WITH_TESTS=ON)	Set up job	2025-10-19T06:36:43.7636066Z ##[endgroup]
Unit (ubuntu-latest, arch=x86_64, WITH_TESTS=ON)	Set up job	2025-10-19T06:36:43.7636875Z ##[group]Runner Image
Unit (ubuntu-latest, arch=x86_64, WITH_TESTS=ON)	Set up job	2025-10-19T06:36:43.7637712Z Image: ubuntu-24.04
Unit (ubuntu-latest, arch=x86_64, WITH_TESTS=ON)	Set up job	2025-10-19T06:36:43.7638646Z Version: 20251014.76.1
Unit (ubuntu-latest, arch=x86_64, WITH_TESTS=ON)	Set up job	2025-10-19T06:36:43.7640279Z Included Software: https://github.com/actions/runner-images/blob/ubuntu24/20251014.76/images/ubuntu/Ubuntu2404-Readme.md
Unit (ubuntu-latest, arch=x86_64, WITH_TESTS=ON)	Set up job	2025-10-19T06:36:43.7642666Z Image Release: https://github.com/actions/runner-images/releases/tag/ubuntu24%2F20251014.76
Unit (ubuntu-latest, arch=x86_64, WITH_TESTS=ON)	Set up job	2025-10-19T06:36:43.7665112Z ##[endgroup]
Unit (ubuntu-latest, arch=x86_64, WITH_TESTS=ON)	Set up job	2025-10-19T06:36:43.7666993Z ##[group]GITHUB_TOKEN Permissions
Unit (ubuntu-latest, arch=x86_64, WITH_TESTS=ON)	Set up job	2025-10-19T06:36:43.7669494Z Contents: read
Unit (ubuntu-latest, arch=x86_64, WITH_TESTS=ON)	Set up job	2025-10-19T06:36:43.7670291Z Metadata: read
Unit (ubuntu-latest, arch=x86_64, WITH_TESTS=ON)	Set up job	2025-10-19T06:36:43.7671282Z Packages: read
Unit (ubuntu-latest, arch=x86_64, WITH_TESTS=ON)	Set up job	2025-10-19T06:36:43.7672114Z ##[endgroup]
Unit (ubuntu-latest, arch=x86_64, WITH_TESTS=ON)	Set up job	2025-10-19T06:36:43.7675658Z Secret source: Actions
Unit (ubuntu-latest, arch=x86_64, WITH_TESTS=ON)	Set up job	2025-10-19T06:36:43.7677800Z Prepare workflow directory
Unit (ubuntu-latest, arch=x86_64, WITH_TESTS=ON)	Set up job	2025-10-19T06:36:43.8640016Z Prepare all required actions
Unit (ubuntu-latest, arch=x86_64, WITH_TESTS=ON)	Set up job	2025-10-19T06:36:43.8736678Z Getting action download info
Unit (ubuntu-latest, arch=x86_64, WITH_TESTS=ON)	Set up job	2025-10-19T06:36:44.1981283Z Download action repository 'actions/checkout@v4' (SHA:08eba0b27e820071cde6df949e0beb9ba4906955)
Unit (ubuntu-latest, arch=x86_64, WITH_TESTS=ON)	Set up job	2025-10-19T06:36:44.2837934Z Download action repository 'actions/upload-artifact@v4' (SHA:ea165f8d65b6e75b540449e92b4886f43607fa02)
Unit (ubuntu-latest, arch=x86_64, WITH_TESTS=ON)	Set up job	2025-10-19T06:36:44.4826395Z Complete job name: Unit (ubuntu-latest, arch=x86_64, WITH_TESTS=ON)
Unit (ubuntu-latest, arch=x86_64, WITH_TESTS=ON)	Run actions/checkout@v4	‚à©‚ïó‚îê2025-10-19T06:36:44.5511438Z ##[group]Run actions/checkout@v4
Unit (ubuntu-latest, arch=x86_64, WITH_TESTS=ON)	Run actions/checkout@v4	2025-10-19T06:36:44.5512274Z with:
Unit (ubuntu-latest, arch=x86_64, WITH_TESTS=ON)	Run actions/checkout@v4	2025-10-19T06:36:44.5512704Z   repository: RexHung/webiq-modbus-iohandler
Unit (ubuntu-latest, arch=x86_64, WITH_TESTS=ON)	Run actions/checkout@v4	2025-10-19T06:36:44.5513637Z   token: ***
Unit (ubuntu-latest, arch=x86_64, WITH_TESTS=ON)	Run actions/checkout@v4	2025-10-19T06:36:44.5514023Z   ssh-strict: true
Unit (ubuntu-latest, arch=x86_64, WITH_TESTS=ON)	Run actions/checkout@v4	2025-10-19T06:36:44.5514406Z   ssh-user: git
Unit (ubuntu-latest, arch=x86_64, WITH_TESTS=ON)	Run actions/checkout@v4	2025-10-19T06:36:44.5514809Z   persist-credentials: true
Unit (ubuntu-latest, arch=x86_64, WITH_TESTS=ON)	Run actions/checkout@v4	2025-10-19T06:36:44.5515260Z   clean: true
Unit (ubuntu-latest, arch=x86_64, WITH_TESTS=ON)	Run actions/checkout@v4	2025-10-19T06:36:44.5515662Z   sparse-checkout-cone-mode: true
Unit (ubuntu-latest, arch=x86_64, WITH_TESTS=ON)	Run actions/checkout@v4	2025-10-19T06:36:44.5516137Z   fetch-depth: 1
Unit (ubuntu-latest, arch=x86_64, WITH_TESTS=ON)	Run actions/checkout@v4	2025-10-19T06:36:44.5516525Z   fetch-tags: false
Unit (ubuntu-latest, arch=x86_64, WITH_TESTS=ON)	Run actions/checkout@v4	2025-10-19T06:36:44.5516953Z   show-progress: true
Unit (ubuntu-latest, arch=x86_64, WITH_TESTS=ON)	Run actions/checkout@v4	2025-10-19T06:36:44.5517352Z   lfs: false
Unit (ubuntu-latest, arch=x86_64, WITH_TESTS=ON)	Run actions/checkout@v4	2025-10-19T06:36:44.5517712Z   submodules: false
Unit (ubuntu-latest, arch=x86_64, WITH_TESTS=ON)	Run actions/checkout@v4	2025-10-19T06:36:44.5518109Z   set-safe-directory: true
Unit (ubuntu-latest, arch=x86_64, WITH_TESTS=ON)	Run actions/checkout@v4	2025-10-19T06:36:44.5518811Z ##[endgroup]
Unit (ubuntu-latest, arch=x86_64, WITH_TESTS=ON)	Run actions/checkout@v4	2025-10-19T06:36:44.6643707Z Syncing repository: RexHung/webiq-modbus-iohandler
Unit (ubuntu-latest, arch=x86_64, WITH_TESTS=ON)	Run actions/checkout@v4	2025-10-19T06:36:44.6647423Z ##[group]Getting Git version info
Unit (ubuntu-latest, arch=x86_64, WITH_TESTS=ON)	Run actions/checkout@v4	2025-10-19T06:36:44.6648814Z Working directory is '/home/runner/work/webiq-modbus-iohandler/webiq-modbus-iohandler'
Unit (ubuntu-latest, arch=x86_64, WITH_TESTS=ON)	Run actions/checkout@v4	2025-10-19T06:36:44.6650949Z [command]/usr/bin/git version
Unit (ubuntu-latest, arch=x86_64, WITH_TESTS=ON)	Run actions/checkout@v4	2025-10-19T06:36:44.6691188Z git version 2.51.0
Unit (ubuntu-latest, arch=x86_64, WITH_TESTS=ON)	Run actions/checkout@v4	2025-10-19T06:36:44.6720523Z ##[endgroup]
Unit (ubuntu-latest, arch=x86_64, WITH_TESTS=ON)	Run actions/checkout@v4	2025-10-19T06:36:44.6735794Z Temporarily overriding HOME='/home/runner/work/_temp/1b517b9c-a647-4583-bdc8-3771e42a9ecb' before making global git config changes
Unit (ubuntu-latest, arch=x86_64, WITH_TESTS=ON)	Run actions/checkout@v4	2025-10-19T06:36:44.6739756Z Adding repository directory to the temporary git global config as a safe directory
Unit (ubuntu-latest, arch=x86_64, WITH_TESTS=ON)	Run actions/checkout@v4	2025-10-19T06:36:44.6753818Z [command]/usr/bin/git config --global --add safe.directory /home/runner/work/webiq-modbus-iohandler/webiq-modbus-iohandler
Unit (ubuntu-latest, arch=x86_64, WITH_TESTS=ON)	Run actions/checkout@v4	2025-10-19T06:36:44.6794738Z Deleting the contents of '/home/runner/work/webiq-modbus-iohandler/webiq-modbus-iohandler'
Unit (ubuntu-latest, arch=x86_64, WITH_TESTS=ON)	Run actions/checkout@v4	2025-10-19T06:36:44.6798563Z ##[group]Initializing the repository
Unit (ubuntu-latest, arch=x86_64, WITH_TESTS=ON)	Run actions/checkout@v4	2025-10-19T06:36:44.6804030Z [command]/usr/bin/git init /home/runner/work/webiq-modbus-iohandler/webiq-modbus-iohandler
Unit (ubuntu-latest, arch=x86_64, WITH_TESTS=ON)	Run actions/checkout@v4	2025-10-19T06:36:44.6889542Z hint: Using 'master' as the name for the initial branch. This default branch name
Unit (ubuntu-latest, arch=x86_64, WITH_TESTS=ON)	Run actions/checkout@v4	2025-10-19T06:36:44.7046783Z hint: is subject to change. To configure the initial branch name to use in all
Unit (ubuntu-latest, arch=x86_64, WITH_TESTS=ON)	Run actions/checkout@v4	2025-10-19T06:36:44.7048383Z hint: of your new repositories, which will suppress this warning, call:
Unit (ubuntu-latest, arch=x86_64, WITH_TESTS=ON)	Run actions/checkout@v4	2025-10-19T06:36:44.7049915Z hint:
Unit (ubuntu-latest, arch=x86_64, WITH_TESTS=ON)	Run actions/checkout@v4	2025-10-19T06:36:44.7050691Z hint: 	git config --global init.defaultBranch <name>
Unit (ubuntu-latest, arch=x86_64, WITH_TESTS=ON)	Run actions/checkout@v4	2025-10-19T06:36:44.7051658Z hint:
Unit (ubuntu-latest, arch=x86_64, WITH_TESTS=ON)	Run actions/checkout@v4	2025-10-19T06:36:44.7052579Z hint: Names commonly chosen instead of 'master' are 'main', 'trunk' and
Unit (ubuntu-latest, arch=x86_64, WITH_TESTS=ON)	Run actions/checkout@v4	2025-10-19T06:36:44.7054452Z hint: 'development'. The just-created branch can be renamed via this command:
Unit (ubuntu-latest, arch=x86_64, WITH_TESTS=ON)	Run actions/checkout@v4	2025-10-19T06:36:44.7055638Z hint:
Unit (ubuntu-latest, arch=x86_64, WITH_TESTS=ON)	Run actions/checkout@v4	2025-10-19T06:36:44.7056246Z hint: 	git branch -m <name>
Unit (ubuntu-latest, arch=x86_64, WITH_TESTS=ON)	Run actions/checkout@v4	2025-10-19T06:36:44.7057231Z hint:
Unit (ubuntu-latest, arch=x86_64, WITH_TESTS=ON)	Run actions/checkout@v4	2025-10-19T06:36:44.7058251Z hint: Disable this message with "git config set advice.defaultBranchName false"
Unit (ubuntu-latest, arch=x86_64, WITH_TESTS=ON)	Run actions/checkout@v4	2025-10-19T06:36:44.7060415Z Initialized empty Git repository in /home/runner/work/webiq-modbus-iohandler/webiq-modbus-iohandler/.git/
Unit (ubuntu-latest, arch=x86_64, WITH_TESTS=ON)	Run actions/checkout@v4	2025-10-19T06:36:44.7064562Z [command]/usr/bin/git remote add origin https://github.com/RexHung/webiq-modbus-iohandler
Unit (ubuntu-latest, arch=x86_64, WITH_TESTS=ON)	Run actions/checkout@v4	2025-10-19T06:36:44.7067269Z ##[endgroup]
Unit (ubuntu-latest, arch=x86_64, WITH_TESTS=ON)	Run actions/checkout@v4	2025-10-19T06:36:44.7068642Z ##[group]Disabling automatic garbage collection
Unit (ubuntu-latest, arch=x86_64, WITH_TESTS=ON)	Run actions/checkout@v4	2025-10-19T06:36:44.7070152Z [command]/usr/bin/git config --local gc.auto 0
Unit (ubuntu-latest, arch=x86_64, WITH_TESTS=ON)	Run actions/checkout@v4	2025-10-19T06:36:44.7072406Z ##[endgroup]
Unit (ubuntu-latest, arch=x86_64, WITH_TESTS=ON)	Run actions/checkout@v4	2025-10-19T06:36:44.7073753Z ##[group]Setting up auth
Unit (ubuntu-latest, arch=x86_64, WITH_TESTS=ON)	Run actions/checkout@v4	2025-10-19T06:36:44.7074847Z [command]/usr/bin/git config --local --name-only --get-regexp core\.sshCommand
Unit (ubuntu-latest, arch=x86_64, WITH_TESTS=ON)	Run actions/checkout@v4	2025-10-19T06:36:44.7079803Z [command]/usr/bin/git submodule foreach --recursive sh -c "git config --local --name-only --get-regexp 'core\.sshCommand' && git config --local --unset-all 'core.sshCommand' || :"
Unit (ubuntu-latest, arch=x86_64, WITH_TESTS=ON)	Run actions/checkout@v4	2025-10-19T06:36:44.7962182Z [command]/usr/bin/git config --local --name-only --get-regexp http\.https\:\/\/github\.com\/\.extraheader
Unit (ubuntu-latest, arch=x86_64, WITH_TESTS=ON)	Run actions/checkout@v4	2025-10-19T06:36:44.7966219Z [command]/usr/bin/git submodule foreach --recursive sh -c "git config --local --name-only --get-regexp 'http\.https\:\/\/github\.com\/\.extraheader' && git config --local --unset-all 'http.https://github.com/.extraheader' || :"
Unit (ubuntu-latest, arch=x86_64, WITH_TESTS=ON)	Run actions/checkout@v4	2025-10-19T06:36:44.7971475Z [command]/usr/bin/git config --local http.https://github.com/.extraheader AUTHORIZATION: basic ***
Unit (ubuntu-latest, arch=x86_64, WITH_TESTS=ON)	Run actions/checkout@v4	2025-10-19T06:36:44.7974422Z ##[endgroup]
Unit (ubuntu-latest, arch=x86_64, WITH_TESTS=ON)	Run actions/checkout@v4	2025-10-19T06:36:44.7975565Z ##[group]Fetching the repository
Unit (ubuntu-latest, arch=x86_64, WITH_TESTS=ON)	Run actions/checkout@v4	2025-10-19T06:36:44.7978783Z [command]/usr/bin/git -c protocol.version=2 fetch --no-tags --prune --no-recurse-submodules --depth=1 origin +383b00b2b6d634c1d0ba48e9fc3614b1d192f58a:refs/remotes/origin/feature/002-phase1-modbus-api-coverage
Unit (ubuntu-latest, arch=x86_64, WITH_TESTS=ON)	Run actions/checkout@v4	2025-10-19T06:36:45.0402141Z From https://github.com/RexHung/webiq-modbus-iohandler
Unit (ubuntu-latest, arch=x86_64, WITH_TESTS=ON)	Run actions/checkout@v4	2025-10-19T06:36:45.0405643Z  * [new ref]         383b00b2b6d634c1d0ba48e9fc3614b1d192f58a -> origin/feature/002-phase1-modbus-api-coverage
Unit (ubuntu-latest, arch=x86_64, WITH_TESTS=ON)	Run actions/checkout@v4	2025-10-19T06:36:45.0437879Z ##[endgroup]
Unit (ubuntu-latest, arch=x86_64, WITH_TESTS=ON)	Run actions/checkout@v4	2025-10-19T06:36:45.0440281Z ##[group]Determining the checkout info
Unit (ubuntu-latest, arch=x86_64, WITH_TESTS=ON)	Run actions/checkout@v4	2025-10-19T06:36:45.0441545Z ##[endgroup]
Unit (ubuntu-latest, arch=x86_64, WITH_TESTS=ON)	Run actions/checkout@v4	2025-10-19T06:36:45.0446152Z [command]/usr/bin/git sparse-checkout disable
Unit (ubuntu-latest, arch=x86_64, WITH_TESTS=ON)	Run actions/checkout@v4	2025-10-19T06:36:45.0486074Z [command]/usr/bin/git config --local --unset-all extensions.worktreeConfig
Unit (ubuntu-latest, arch=x86_64, WITH_TESTS=ON)	Run actions/checkout@v4	2025-10-19T06:36:45.0517063Z ##[group]Checking out the ref
Unit (ubuntu-latest, arch=x86_64, WITH_TESTS=ON)	Run actions/checkout@v4	2025-10-19T06:36:45.0520848Z [command]/usr/bin/git checkout --progress --force -B feature/002-phase1-modbus-api-coverage refs/remotes/origin/feature/002-phase1-modbus-api-coverage
Unit (ubuntu-latest, arch=x86_64, WITH_TESTS=ON)	Run actions/checkout@v4	2025-10-19T06:36:45.0601723Z Switched to a new branch 'feature/002-phase1-modbus-api-coverage'
Unit (ubuntu-latest, arch=x86_64, WITH_TESTS=ON)	Run actions/checkout@v4	2025-10-19T06:36:45.0606958Z branch 'feature/002-phase1-modbus-api-coverage' set up to track 'origin/feature/002-phase1-modbus-api-coverage'.
Unit (ubuntu-latest, arch=x86_64, WITH_TESTS=ON)	Run actions/checkout@v4	2025-10-19T06:36:45.0614563Z ##[endgroup]
Unit (ubuntu-latest, arch=x86_64, WITH_TESTS=ON)	Run actions/checkout@v4	2025-10-19T06:36:45.0651330Z [command]/usr/bin/git log -1 --format=%H
Unit (ubuntu-latest, arch=x86_64, WITH_TESTS=ON)	Run actions/checkout@v4	2025-10-19T06:36:45.0674633Z 383b00b2b6d634c1d0ba48e9fc3614b1d192f58a
Unit (ubuntu-latest, arch=x86_64, WITH_TESTS=ON)	Install cross/multilib deps (Linux)	‚à©‚ïó‚îê2025-10-19T06:36:45.0906598Z ##[group]Run sudo apt-get update
Unit (ubuntu-latest, arch=x86_64, WITH_TESTS=ON)	Install cross/multilib deps (Linux)	2025-10-19T06:36:45.0907278Z [36;1msudo apt-get update[0m
Unit (ubuntu-latest, arch=x86_64, WITH_TESTS=ON)	Install cross/multilib deps (Linux)	2025-10-19T06:36:45.0907744Z [36;1mcase "x86_64" in \[0m
Unit (ubuntu-latest, arch=x86_64, WITH_TESTS=ON)	Install cross/multilib deps (Linux)	2025-10-19T06:36:45.0908167Z [36;1m  i386) \[0m
Unit (ubuntu-latest, arch=x86_64, WITH_TESTS=ON)	Install cross/multilib deps (Linux)	2025-10-19T06:36:45.0908636Z [36;1m    sudo dpkg --add-architecture i386; \[0m
Unit (ubuntu-latest, arch=x86_64, WITH_TESTS=ON)	Install cross/multilib deps (Linux)	2025-10-19T06:36:45.0909200Z [36;1m    sudo apt-get update; \[0m
Unit (ubuntu-latest, arch=x86_64, WITH_TESTS=ON)	Install cross/multilib deps (Linux)	2025-10-19T06:36:45.0909881Z [36;1m    sudo apt-get install -y g++-multilib libc6:i386 libstdc++6:i386 ;; \[0m
Unit (ubuntu-latest, arch=x86_64, WITH_TESTS=ON)	Install cross/multilib deps (Linux)	2025-10-19T06:36:45.0911066Z [36;1m  armhf) sudo apt-get install -y gcc-arm-linux-gnueabihf g++-arm-linux-gnueabihf qemu-user qemu-user-static binfmt-support ;; \[0m
Unit (ubuntu-latest, arch=x86_64, WITH_TESTS=ON)	Install cross/multilib deps (Linux)	2025-10-19T06:36:45.0912715Z [36;1m  arm64) sudo apt-get install -y gcc-aarch64-linux-gnu g++-aarch64-linux-gnu qemu-user qemu-user-static binfmt-support ;; \[0m
Unit (ubuntu-latest, arch=x86_64, WITH_TESTS=ON)	Install cross/multilib deps (Linux)	2025-10-19T06:36:45.0913814Z [36;1m  *) ;; \[0m
Unit (ubuntu-latest, arch=x86_64, WITH_TESTS=ON)	Install cross/multilib deps (Linux)	2025-10-19T06:36:45.0914189Z [36;1mesac[0m
Unit (ubuntu-latest, arch=x86_64, WITH_TESTS=ON)	Install cross/multilib deps (Linux)	2025-10-19T06:36:45.0946479Z shell: /usr/bin/bash -e {0}
Unit (ubuntu-latest, arch=x86_64, WITH_TESTS=ON)	Install cross/multilib deps (Linux)	2025-10-19T06:36:45.0946984Z ##[endgroup]
Unit (ubuntu-latest, arch=x86_64, WITH_TESTS=ON)	Install cross/multilib deps (Linux)	2025-10-19T06:36:45.2313564Z Get:1 file:/etc/apt/apt-mirrors.txt Mirrorlist [144 B]
Unit (ubuntu-latest, arch=x86_64, WITH_TESTS=ON)	Install cross/multilib deps (Linux)	2025-10-19T06:36:45.3376972Z Hit:2 http://azure.archive.ubuntu.com/ubuntu noble InRelease
Unit (ubuntu-latest, arch=x86_64, WITH_TESTS=ON)	Install cross/multilib deps (Linux)	2025-10-19T06:36:45.3378950Z Get:3 http://azure.archive.ubuntu.com/ubuntu noble-updates InRelease [126 kB]
Unit (ubuntu-latest, arch=x86_64, WITH_TESTS=ON)	Install cross/multilib deps (Linux)	2025-10-19T06:36:45.3380785Z Get:4 http://azure.archive.ubuntu.com/ubuntu noble-backports InRelease [126 kB]
Unit (ubuntu-latest, arch=x86_64, WITH_TESTS=ON)	Install cross/multilib deps (Linux)	2025-10-19T06:36:45.3382672Z Get:5 http://azure.archive.ubuntu.com/ubuntu noble-security InRelease [126 kB]
Unit (ubuntu-latest, arch=x86_64, WITH_TESTS=ON)	Install cross/multilib deps (Linux)	2025-10-19T06:36:45.3388224Z Hit:6 https://packages.microsoft.com/repos/azure-cli noble InRelease
Unit (ubuntu-latest, arch=x86_64, WITH_TESTS=ON)	Install cross/multilib deps (Linux)	2025-10-19T06:36:45.3394997Z Get:7 https://packages.microsoft.com/ubuntu/24.04/prod noble InRelease [3600 B]
Unit (ubuntu-latest, arch=x86_64, WITH_TESTS=ON)	Install cross/multilib deps (Linux)	2025-10-19T06:36:45.5153985Z Get:8 http://azure.archive.ubuntu.com/ubuntu noble-updates/main amd64 Packages [1498 kB]
Unit (ubuntu-latest, arch=x86_64, WITH_TESTS=ON)	Install cross/multilib deps (Linux)	2025-10-19T06:36:45.5417061Z Get:9 http://azure.archive.ubuntu.com/ubuntu noble-updates/main amd64 Components [175 kB]
Unit (ubuntu-latest, arch=x86_64, WITH_TESTS=ON)	Install cross/multilib deps (Linux)	2025-10-19T06:36:45.5440894Z Get:10 http://azure.archive.ubuntu.com/ubuntu noble-updates/main amd64 c-n-f Metadata [15.3 kB]
Unit (ubuntu-latest, arch=x86_64, WITH_TESTS=ON)	Install cross/multilib deps (Linux)	2025-10-19T06:36:45.5452393Z Get:11 http://azure.archive.ubuntu.com/ubuntu noble-updates/universe amd64 Packages [1496 kB]
Unit (ubuntu-latest, arch=x86_64, WITH_TESTS=ON)	Install cross/multilib deps (Linux)	2025-10-19T06:36:45.5607691Z Get:12 http://azure.archive.ubuntu.com/ubuntu noble-updates/universe Translation-en [301 kB]
Unit (ubuntu-latest, arch=x86_64, WITH_TESTS=ON)	Install cross/multilib deps (Linux)	2025-10-19T06:36:45.5687384Z Get:13 http://azure.archive.ubuntu.com/ubuntu noble-updates/universe amd64 Components [378 kB]
Unit (ubuntu-latest, arch=x86_64, WITH_TESTS=ON)	Install cross/multilib deps (Linux)	2025-10-19T06:36:45.5728102Z Get:14 http://azure.archive.ubuntu.com/ubuntu noble-updates/universe amd64 c-n-f Metadata [31.3 kB]
Unit (ubuntu-latest, arch=x86_64, WITH_TESTS=ON)	Install cross/multilib deps (Linux)	2025-10-19T06:36:45.5795260Z Get:15 http://azure.archive.ubuntu.com/ubuntu noble-updates/restricted amd64 Packages [2090 kB]
Unit (ubuntu-latest, arch=x86_64, WITH_TESTS=ON)	Install cross/multilib deps (Linux)	2025-10-19T06:36:45.6160141Z Get:16 http://azure.archive.ubuntu.com/ubuntu noble-updates/restricted Translation-en [470 kB]
Unit (ubuntu-latest, arch=x86_64, WITH_TESTS=ON)	Install cross/multilib deps (Linux)	2025-10-19T06:36:45.6233978Z Get:17 http://azure.archive.ubuntu.com/ubuntu noble-updates/restricted amd64 Components [212 B]
Unit (ubuntu-latest, arch=x86_64, WITH_TESTS=ON)	Install cross/multilib deps (Linux)	2025-10-19T06:36:45.6709224Z Get:18 http://azure.archive.ubuntu.com/ubuntu noble-updates/restricted amd64 c-n-f Metadata [516 B]
Unit (ubuntu-latest, arch=x86_64, WITH_TESTS=ON)	Install cross/multilib deps (Linux)	2025-10-19T06:36:45.6718701Z Get:19 http://azure.archive.ubuntu.com/ubuntu noble-updates/multiverse amd64 Packages [30.3 kB]
Unit (ubuntu-latest, arch=x86_64, WITH_TESTS=ON)	Install cross/multilib deps (Linux)	2025-10-19T06:36:45.6722538Z Get:20 http://azure.archive.ubuntu.com/ubuntu noble-updates/multiverse Translation-en [5564 B]
Unit (ubuntu-latest, arch=x86_64, WITH_TESTS=ON)	Install cross/multilib deps (Linux)	2025-10-19T06:36:45.6729254Z Get:21 http://azure.archive.ubuntu.com/ubuntu noble-updates/multiverse amd64 Components [940 B]
Unit (ubuntu-latest, arch=x86_64, WITH_TESTS=ON)	Install cross/multilib deps (Linux)	2025-10-19T06:36:45.6733689Z Get:22 http://azure.archive.ubuntu.com/ubuntu noble-updates/multiverse amd64 c-n-f Metadata [484 B]
Unit (ubuntu-latest, arch=x86_64, WITH_TESTS=ON)	Install cross/multilib deps (Linux)	2025-10-19T06:36:45.6737753Z Get:23 http://azure.archive.ubuntu.com/ubuntu noble-backports/main amd64 Components [7140 B]
Unit (ubuntu-latest, arch=x86_64, WITH_TESTS=ON)	Install cross/multilib deps (Linux)	2025-10-19T06:36:45.6749638Z Get:24 http://azure.archive.ubuntu.com/ubuntu noble-backports/universe amd64 Components [11.0 kB]
Unit (ubuntu-latest, arch=x86_64, WITH_TESTS=ON)	Install cross/multilib deps (Linux)	2025-10-19T06:36:45.6756782Z Get:25 http://azure.archive.ubuntu.com/ubuntu noble-backports/restricted amd64 Components [216 B]
Unit (ubuntu-latest, arch=x86_64, WITH_TESTS=ON)	Install cross/multilib deps (Linux)	2025-10-19T06:36:45.6773735Z Get:26 http://azure.archive.ubuntu.com/ubuntu noble-backports/multiverse amd64 Components [212 B]
Unit (ubuntu-latest, arch=x86_64, WITH_TESTS=ON)	Install cross/multilib deps (Linux)	2025-10-19T06:36:45.6795115Z Get:27 http://azure.archive.ubuntu.com/ubuntu noble-security/main amd64 Packages [1222 kB]
Unit (ubuntu-latest, arch=x86_64, WITH_TESTS=ON)	Install cross/multilib deps (Linux)	2025-10-19T06:36:45.6928271Z Get:28 http://azure.archive.ubuntu.com/ubuntu noble-security/main Translation-en [204 kB]
Unit (ubuntu-latest, arch=x86_64, WITH_TESTS=ON)	Install cross/multilib deps (Linux)	2025-10-19T06:36:45.6980131Z Get:29 http://azure.archive.ubuntu.com/ubuntu noble-security/main amd64 Components [21.5 kB]
Unit (ubuntu-latest, arch=x86_64, WITH_TESTS=ON)	Install cross/multilib deps (Linux)	2025-10-19T06:36:45.6990700Z Get:30 http://azure.archive.ubuntu.com/ubuntu noble-security/main amd64 c-n-f Metadata [8968 B]
Unit (ubuntu-latest, arch=x86_64, WITH_TESTS=ON)	Install cross/multilib deps (Linux)	2025-10-19T06:36:45.7035696Z Get:31 http://azure.archive.ubuntu.com/ubuntu noble-security/universe amd64 Packages [892 kB]
Unit (ubuntu-latest, arch=x86_64, WITH_TESTS=ON)	Install cross/multilib deps (Linux)	2025-10-19T06:36:45.7597740Z Get:32 http://azure.archive.ubuntu.com/ubuntu noble-security/universe Translation-en [197 kB]
Unit (ubuntu-latest, arch=x86_64, WITH_TESTS=ON)	Install cross/multilib deps (Linux)	2025-10-19T06:36:45.7682394Z Get:33 http://azure.archive.ubuntu.com/ubuntu noble-security/universe amd64 Components [52.2 kB]
Unit (ubuntu-latest, arch=x86_64, WITH_TESTS=ON)	Install cross/multilib deps (Linux)	2025-10-19T06:36:45.7687552Z Get:34 http://azure.archive.ubuntu.com/ubuntu noble-security/universe amd64 c-n-f Metadata [18.3 kB]
Unit (ubuntu-latest, arch=x86_64, WITH_TESTS=ON)	Install cross/multilib deps (Linux)	2025-10-19T06:36:45.7697055Z Get:35 http://azure.archive.ubuntu.com/ubuntu noble-security/restricted amd64 Components [212 B]
Unit (ubuntu-latest, arch=x86_64, WITH_TESTS=ON)	Install cross/multilib deps (Linux)	2025-10-19T06:36:45.7709873Z Get:36 http://azure.archive.ubuntu.com/ubuntu noble-security/multiverse amd64 Components [212 B]
Unit (ubuntu-latest, arch=x86_64, WITH_TESTS=ON)	Install cross/multilib deps (Linux)	2025-10-19T06:36:45.8369197Z Get:37 https://packages.microsoft.com/ubuntu/24.04/prod noble/main arm64 Packages [45.3 kB]
Unit (ubuntu-latest, arch=x86_64, WITH_TESTS=ON)	Install cross/multilib deps (Linux)	2025-10-19T06:36:45.8480080Z Get:38 https://packages.microsoft.com/ubuntu/24.04/prod noble/main armhf Packages [10.9 kB]
Unit (ubuntu-latest, arch=x86_64, WITH_TESTS=ON)	Install cross/multilib deps (Linux)	2025-10-19T06:36:45.8515610Z Get:39 https://packages.microsoft.com/ubuntu/24.04/prod noble/main amd64 Packages [62.8 kB]
Unit (ubuntu-latest, arch=x86_64, WITH_TESTS=ON)	Install cross/multilib deps (Linux)	2025-10-19T06:36:52.9954409Z Fetched 9629 kB in 2s (6399 kB/s)
Unit (ubuntu-latest, arch=x86_64, WITH_TESTS=ON)	Install cross/multilib deps (Linux)	2025-10-19T06:36:53.7795558Z Reading package lists...
Unit (ubuntu-latest, arch=x86_64, WITH_TESTS=ON)	Configure (Linux x86_64)	‚à©‚ïó‚îê2025-10-19T06:36:53.7960723Z ##[group]Run cmake -S . -B build -DWITH_LIBMODBUS=OFF -DWITH_TESTS=ON -DCMAKE_BUILD_TYPE=Release
Unit (ubuntu-latest, arch=x86_64, WITH_TESTS=ON)	Configure (Linux x86_64)	2025-10-19T06:36:53.7961408Z [36;1mcmake -S . -B build -DWITH_LIBMODBUS=OFF -DWITH_TESTS=ON -DCMAKE_BUILD_TYPE=Release[0m
Unit (ubuntu-latest, arch=x86_64, WITH_TESTS=ON)	Configure (Linux x86_64)	2025-10-19T06:36:53.7991837Z shell: /usr/bin/bash -e {0}
Unit (ubuntu-latest, arch=x86_64, WITH_TESTS=ON)	Configure (Linux x86_64)	2025-10-19T06:36:53.7992108Z ##[endgroup]
Unit (ubuntu-latest, arch=x86_64, WITH_TESTS=ON)	Configure (Linux x86_64)	2025-10-19T06:36:55.4925732Z -- The CXX compiler identification is GNU 13.3.0
Unit (ubuntu-latest, arch=x86_64, WITH_TESTS=ON)	Configure (Linux x86_64)	2025-10-19T06:36:55.6870960Z -- Detecting CXX compiler ABI info
Unit (ubuntu-latest, arch=x86_64, WITH_TESTS=ON)	Configure (Linux x86_64)	2025-10-19T06:36:55.8739766Z -- Detecting CXX compiler ABI info - done
Unit (ubuntu-latest, arch=x86_64, WITH_TESTS=ON)	Configure (Linux x86_64)	2025-10-19T06:36:55.8917694Z -- Check for working CXX compiler: /usr/bin/c++ - skipped
Unit (ubuntu-latest, arch=x86_64, WITH_TESTS=ON)	Configure (Linux x86_64)	2025-10-19T06:36:55.8960778Z -- Detecting CXX compile features
Unit (ubuntu-latest, arch=x86_64, WITH_TESTS=ON)	Configure (Linux x86_64)	2025-10-19T06:36:55.9007835Z -- Detecting CXX compile features - done
Unit (ubuntu-latest, arch=x86_64, WITH_TESTS=ON)	Configure (Linux x86_64)	2025-10-19T06:37:10.5881407Z -- Using the multi-header code from /home/runner/work/webiq-modbus-iohandler/webiq-modbus-iohandler/build/_deps/nlohmann_json-src/include/
Unit (ubuntu-latest, arch=x86_64, WITH_TESTS=ON)	Configure (Linux x86_64)	2025-10-19T06:37:10.6429736Z -- Configuring done (16.3s)
Unit (ubuntu-latest, arch=x86_64, WITH_TESTS=ON)	Configure (Linux x86_64)	2025-10-19T06:37:10.7125184Z -- Generating done (0.1s)
Unit (ubuntu-latest, arch=x86_64, WITH_TESTS=ON)	Configure (Linux x86_64)	2025-10-19T06:37:10.7134939Z -- Build files have been written to: /home/runner/work/webiq-modbus-iohandler/webiq-modbus-iohandler/build
Unit (ubuntu-latest, arch=x86_64, WITH_TESTS=ON)	Build	‚à©‚ïó‚îê2025-10-19T06:37:10.7300128Z ##[group]Run cmake --build build --config Release --parallel
Unit (ubuntu-latest, arch=x86_64, WITH_TESTS=ON)	Build	2025-10-19T06:37:10.7300568Z [36;1mcmake --build build --config Release --parallel[0m
Unit (ubuntu-latest, arch=x86_64, WITH_TESTS=ON)	Build	2025-10-19T06:37:10.7330112Z shell: /usr/bin/bash -e {0}
Unit (ubuntu-latest, arch=x86_64, WITH_TESTS=ON)	Build	2025-10-19T06:37:10.7330350Z ##[endgroup]
Unit (ubuntu-latest, arch=x86_64, WITH_TESTS=ON)	Build	2025-10-19T06:37:10.7614595Z [  4%] Building CXX object CMakeFiles/test_codec.dir/tests/unit/test_codec.cpp.o
Unit (ubuntu-latest, arch=x86_64, WITH_TESTS=ON)	Build	2025-10-19T06:37:10.7615819Z [  4%] Building CXX object CMakeFiles/ioh_modbus.dir/src/Export.cpp.o
Unit (ubuntu-latest, arch=x86_64, WITH_TESTS=ON)	Build	2025-10-19T06:37:10.7618000Z [  7%] Building CXX object CMakeFiles/ioh_modbus.dir/src/ModbusIoHandler.cpp.o
Unit (ubuntu-latest, arch=x86_64, WITH_TESTS=ON)	Build	2025-10-19T06:37:10.7618896Z [  9%] Building CXX object CMakeFiles/ioh_modbus.dir/src/modbus/ModbusClient.cpp.o
Unit (ubuntu-latest, arch=x86_64, WITH_TESTS=ON)	Build	2025-10-19T06:37:11.0726560Z [ 11%] Linking CXX executable test_codec
Unit (ubuntu-latest, arch=x86_64, WITH_TESTS=ON)	Build	2025-10-19T06:37:11.1048068Z [ 11%] Built target test_codec
Unit (ubuntu-latest, arch=x86_64, WITH_TESTS=ON)	Build	2025-10-19T06:37:12.1350089Z /home/runner/work/webiq-modbus-iohandler/webiq-modbus-iohandler/src/Export.cpp: In function Œì√á√øint ReadItem(IoHandle, const char*, char*, int)Œì√á√ñ:
Unit (ubuntu-latest, arch=x86_64, WITH_TESTS=ON)	Build	2025-10-19T06:37:12.1362269Z /home/runner/work/webiq-modbus-iohandler/webiq-modbus-iohandler/src/Export.cpp:384:52: warning: narrowing conversion of Œì√á√ø((rr.std::vector<short unsigned int>::size() > 1) ? ((int)rr.std::vector<short unsigned int>::operator[](1)) : 0)Œì√á√ñ from Œì√á√øintŒì√á√ñ to Œì√á√øuint16_tŒì√á√ñ {aka Œì√á√øshort unsigned intŒì√á√ñ} [-Wnarrowing]
Unit (ubuntu-latest, arch=x86_64, WITH_TESTS=ON)	Build	2025-10-19T06:37:12.1365073Z   384 |       std::uint16_t rr_be[4] = { rr[0], rr.size()>1?rr[1]:0, rr.size()>2?rr[2]:0, rr.size()>3?rr[3]:0 };
Unit (ubuntu-latest, arch=x86_64, WITH_TESTS=ON)	Build	2025-10-19T06:37:12.1366135Z       |                                         ~~~~~~~~~~~^~~~~~~~
Unit (ubuntu-latest, arch=x86_64, WITH_TESTS=ON)	Build	2025-10-19T06:37:12.1369107Z /home/runner/work/webiq-modbus-iohandler/webiq-modbus-iohandler/src/Export.cpp:384:73: warning: narrowing conversion of Œì√á√ø((rr.std::vector<short unsigned int>::size() > 2) ? ((int)rr.std::vector<short unsigned int>::operator[](2)) : 0)Œì√á√ñ from Œì√á√øintŒì√á√ñ to Œì√á√øuint16_tŒì√á√ñ {aka Œì√á√øshort unsigned intŒì√á√ñ} [-Wnarrowing]
Unit (ubuntu-latest, arch=x86_64, WITH_TESTS=ON)	Build	2025-10-19T06:37:12.1372196Z   384 |       std::uint16_t rr_be[4] = { rr[0], rr.size()>1?rr[1]:0, rr.size()>2?rr[2]:0, rr.size()>3?rr[3]:0 };
Unit (ubuntu-latest, arch=x86_64, WITH_TESTS=ON)	Build	2025-10-19T06:37:12.1373439Z       |                                                              ~~~~~~~~~~~^~~~~~~~
Unit (ubuntu-latest, arch=x86_64, WITH_TESTS=ON)	Build	2025-10-19T06:37:12.1381217Z /home/runner/work/webiq-modbus-iohandler/webiq-modbus-iohandler/src/Export.cpp:384:94: warning: narrowing conversion of Œì√á√ø((rr.std::vector<short unsigned int>::size() > 3) ? ((int)rr.std::vector<short unsigned int>::operator[](3)) : 0)Œì√á√ñ from Œì√á√øintŒì√á√ñ to Œì√á√øuint16_tŒì√á√ñ {aka Œì√á√øshort unsigned intŒì√á√ñ} [-Wnarrowing]
Unit (ubuntu-latest, arch=x86_64, WITH_TESTS=ON)	Build	2025-10-19T06:37:12.1384182Z   384 |       std::uint16_t rr_be[4] = { rr[0], rr.size()>1?rr[1]:0, rr.size()>2?rr[2]:0, rr.size()>3?rr[3]:0 };
Unit (ubuntu-latest, arch=x86_64, WITH_TESTS=ON)	Build	2025-10-19T06:37:12.1385631Z       |                                                                                   ~~~~~~~~~~~^~~~~~~~
Unit (ubuntu-latest, arch=x86_64, WITH_TESTS=ON)	Build	2025-10-19T06:37:16.0119729Z [ 14%] Linking CXX shared library libioh_modbus.so
Unit (ubuntu-latest, arch=x86_64, WITH_TESTS=ON)	Build	2025-10-19T06:37:16.0642949Z [ 14%] Built target ioh_modbus
Unit (ubuntu-latest, arch=x86_64, WITH_TESTS=ON)	Build	2025-10-19T06:37:16.0964422Z [ 16%] Building CXX object CMakeFiles/test_stub.dir/tests/unit/test_stub.cpp.o
Unit (ubuntu-latest, arch=x86_64, WITH_TESTS=ON)	Build	2025-10-19T06:37:16.1063548Z [ 21%] Building CXX object CMakeFiles/test_scale_zero.dir/tests/unit/test_scale_zero.cpp.o
Unit (ubuntu-latest, arch=x86_64, WITH_TESTS=ON)	Build	2025-10-19T06:37:16.1186810Z [ 19%] Building CXX object CMakeFiles/test_api_float_swap.dir/tests/unit/test_api_float_swap.cpp.o
Unit (ubuntu-latest, arch=x86_64, WITH_TESTS=ON)	Build	2025-10-19T06:37:16.1265982Z [ 23%] Building CXX object CMakeFiles/test_api_fc2.dir/tests/unit/test_api_fc2.cpp.o
Unit (ubuntu-latest, arch=x86_64, WITH_TESTS=ON)	Build	2025-10-19T06:37:16.1286398Z [ 26%] Building CXX object CMakeFiles/test_config_invalid.dir/tests/unit/test_config_invalid.cpp.o
Unit (ubuntu-latest, arch=x86_64, WITH_TESTS=ON)	Build	2025-10-19T06:37:16.1627722Z [ 30%] Building CXX object CMakeFiles/test_api_fc4_array.dir/tests/unit/test_api_fc4_array.cpp.o
Unit (ubuntu-latest, arch=x86_64, WITH_TESTS=ON)	Build	2025-10-19T06:37:16.1629531Z [ 33%] Building CXX object CMakeFiles/test_api_coils_array.dir/tests/unit/test_api_coils_array.cpp.o
Unit (ubuntu-latest, arch=x86_64, WITH_TESTS=ON)	Build	2025-10-19T06:37:16.1630899Z [ 35%] Building CXX object CMakeFiles/test_api_fc15_bad_array.dir/tests/unit/test_api_fc15_bad_array.cpp.o
Unit (ubuntu-latest, arch=x86_64, WITH_TESTS=ON)	Build	2025-10-19T06:37:16.1632229Z [ 38%] Building CXX object CMakeFiles/test_api_fc3_array.dir/tests/unit/test_api_fc3_array.cpp.o
Unit (ubuntu-latest, arch=x86_64, WITH_TESTS=ON)	Build	2025-10-19T06:37:16.1636401Z [ 40%] Building CXX object CMakeFiles/test_api_int16_scale_bounds.dir/tests/unit/test_api_int16_scale_bounds.cpp.o
Unit (ubuntu-latest, arch=x86_64, WITH_TESTS=ON)	Build	2025-10-19T06:37:16.1642462Z [ 42%] Building CXX object CMakeFiles/test_api_float_nonfinite.dir/tests/unit/test_api_float_nonfinite.cpp.o
Unit (ubuntu-latest, arch=x86_64, WITH_TESTS=ON)	Build	2025-10-19T06:37:16.1643788Z [ 28%] Building CXX object CMakeFiles/test_api_fc16_bad_array.dir/tests/unit/test_api_fc16_bad_array.cpp.o
Unit (ubuntu-latest, arch=x86_64, WITH_TESTS=ON)	Build	2025-10-19T06:37:16.1644909Z [ 45%] Building CXX object CMakeFiles/test_api_double_read_array.dir/tests/unit/test_api_double_read_array.cpp.o
Unit (ubuntu-latest, arch=x86_64, WITH_TESTS=ON)	Build	2025-10-19T06:37:16.1725977Z [ 47%] Building CXX object CMakeFiles/test_config_invalid_float_count.dir/tests/unit/test_config_invalid_float_count.cpp.o
Unit (ubuntu-latest, arch=x86_64, WITH_TESTS=ON)	Build	2025-10-19T06:37:16.1733048Z [ 50%] Building CXX object CMakeFiles/test_api_double_write_number.dir/tests/unit/test_api_double_write_number.cpp.o
Unit (ubuntu-latest, arch=x86_64, WITH_TESTS=ON)	Build	2025-10-19T06:37:16.2084533Z [ 52%] Building CXX object CMakeFiles/test_config_invalid_double.dir/tests/unit/test_config_invalid_double.cpp.o
Unit (ubuntu-latest, arch=x86_64, WITH_TESTS=ON)	Build	2025-10-19T06:37:16.2112706Z [ 54%] Building CXX object CMakeFiles/test_api_double_word_order_dcba.dir/tests/unit/test_api_double_word_order_dcba.cpp.o
Unit (ubuntu-latest, arch=x86_64, WITH_TESTS=ON)	Build	2025-10-19T06:37:16.2114393Z [ 57%] Building CXX object CMakeFiles/test_e2e.dir/tests/integration/test_e2e.cpp.o
Unit (ubuntu-latest, arch=x86_64, WITH_TESTS=ON)	Build	2025-10-19T06:37:18.0565449Z /home/runner/work/webiq-modbus-iohandler/webiq-modbus-iohandler/tests/unit/test_stub.cpp: In function Œì√á√øint main()Œì√á√ñ:
Unit (ubuntu-latest, arch=x86_64, WITH_TESTS=ON)	Build	2025-10-19T06:37:18.0735333Z /home/runner/work/webiq-modbus-iohandler/webiq-modbus-iohandler/tests/unit/test_stub.cpp:21:41: error: Œì√á√ømemcpyŒì√á√ñ is not a member of Œì√á√østdŒì√á√ñ; did you mean Œì√á√øwmemcpyŒì√á√ñ?
Unit (ubuntu-latest, arch=x86_64, WITH_TESTS=ON)	Build	2025-10-19T06:37:18.0884092Z    21 |   float f = 1.5f; std::uint32_t u; std::memcpy(&u, &f, 4);
Unit (ubuntu-latest, arch=x86_64, WITH_TESTS=ON)	Build	2025-10-19T06:37:18.1003763Z       |                                         ^~~~~~
Unit (ubuntu-latest, arch=x86_64, WITH_TESTS=ON)	Build	2025-10-19T06:37:18.1134021Z       |                                         wmemcpy
Unit (ubuntu-latest, arch=x86_64, WITH_TESTS=ON)	Build	2025-10-19T06:37:18.1434268Z gmake[2]: *** [CMakeFiles/test_stub.dir/build.make:79: CMakeFiles/test_stub.dir/tests/unit/test_stub.cpp.o] Error 1
Unit (ubuntu-latest, arch=x86_64, WITH_TESTS=ON)	Build	2025-10-19T06:37:18.1569501Z gmake[1]: *** [CMakeFiles/Makefile2:1122: CMakeFiles/test_stub.dir/all] Error 2
Unit (ubuntu-latest, arch=x86_64, WITH_TESTS=ON)	Build	2025-10-19T06:37:18.1643849Z gmake[1]: *** Waiting for unfinished jobs....
Unit (ubuntu-latest, arch=x86_64, WITH_TESTS=ON)	Build	2025-10-19T06:37:18.6772993Z [ 59%] Linking CXX executable test_e2e
Unit (ubuntu-latest, arch=x86_64, WITH_TESTS=ON)	Build	2025-10-19T06:37:19.2736302Z [ 61%] Linking CXX executable test_api_fc4_array
Unit (ubuntu-latest, arch=x86_64, WITH_TESTS=ON)	Build	2025-10-19T06:37:19.2871145Z [ 64%] Linking CXX executable test_api_fc16_bad_array
Unit (ubuntu-latest, arch=x86_64, WITH_TESTS=ON)	Build	2025-10-19T06:37:19.3103879Z [ 66%] Linking CXX executable test_api_fc15_bad_array
Unit (ubuntu-latest, arch=x86_64, WITH_TESTS=ON)	Build	2025-10-19T06:37:19.3154085Z [ 69%] Linking CXX executable test_config_invalid_float_count
Unit (ubuntu-latest, arch=x86_64, WITH_TESTS=ON)	Build	2025-10-19T06:37:19.3322305Z [ 71%] Linking CXX executable test_api_fc3_array
Unit (ubuntu-latest, arch=x86_64, WITH_TESTS=ON)	Build	2025-10-19T06:37:19.3494280Z [ 73%] Linking CXX executable test_api_fc2
Unit (ubuntu-latest, arch=x86_64, WITH_TESTS=ON)	Build	2025-10-19T06:37:19.3612987Z [ 76%] Linking CXX executable test_config_invalid_double
Unit (ubuntu-latest, arch=x86_64, WITH_TESTS=ON)	Build	2025-10-19T06:37:19.3884118Z [ 78%] Linking CXX executable test_api_float_nonfinite
Unit (ubuntu-latest, arch=x86_64, WITH_TESTS=ON)	Build	2025-10-19T06:37:19.3884796Z [ 80%] Linking CXX executable test_api_coils_array
Unit (ubuntu-latest, arch=x86_64, WITH_TESTS=ON)	Build	2025-10-19T06:37:19.3902229Z [ 83%] Linking CXX executable test_config_invalid
Unit (ubuntu-latest, arch=x86_64, WITH_TESTS=ON)	Build	2025-10-19T06:37:19.4043946Z [ 85%] Linking CXX executable test_scale_zero
Unit (ubuntu-latest, arch=x86_64, WITH_TESTS=ON)	Build	2025-10-19T06:37:19.4102085Z [ 85%] Built target test_e2e
Unit (ubuntu-latest, arch=x86_64, WITH_TESTS=ON)	Build	2025-10-19T06:37:19.4179280Z [ 88%] Linking CXX executable test_api_double_read_array
Unit (ubuntu-latest, arch=x86_64, WITH_TESTS=ON)	Build	2025-10-19T06:37:19.4499344Z [ 90%] Linking CXX executable test_api_double_write_number
Unit (ubuntu-latest, arch=x86_64, WITH_TESTS=ON)	Build	2025-10-19T06:37:19.5254434Z [ 92%] Linking CXX executable test_api_int16_scale_bounds
Unit (ubuntu-latest, arch=x86_64, WITH_TESTS=ON)	Build	2025-10-19T06:37:19.6172543Z [ 95%] Linking CXX executable test_api_double_word_order_dcba
Unit (ubuntu-latest, arch=x86_64, WITH_TESTS=ON)	Build	2025-10-19T06:37:19.8721874Z [ 97%] Linking CXX executable test_api_float_swap
Unit (ubuntu-latest, arch=x86_64, WITH_TESTS=ON)	Build	2025-10-19T06:37:20.0992966Z [ 97%] Built target test_api_fc16_bad_array
Unit (ubuntu-latest, arch=x86_64, WITH_TESTS=ON)	Build	2025-10-19T06:37:20.1018460Z [ 97%] Built target test_api_fc15_bad_array
Unit (ubuntu-latest, arch=x86_64, WITH_TESTS=ON)	Build	2025-10-19T06:37:20.1109395Z [ 97%] Built target test_api_fc4_array
Unit (ubuntu-latest, arch=x86_64, WITH_TESTS=ON)	Build	2025-10-19T06:37:20.1434836Z [ 97%] Built target test_config_invalid_float_count
Unit (ubuntu-latest, arch=x86_64, WITH_TESTS=ON)	Build	2025-10-19T06:37:20.1461950Z [ 97%] Built target test_api_fc3_array
Unit (ubuntu-latest, arch=x86_64, WITH_TESTS=ON)	Build	2025-10-19T06:37:20.1614903Z [ 97%] Built target test_api_fc2
Unit (ubuntu-latest, arch=x86_64, WITH_TESTS=ON)	Build	2025-10-19T06:37:20.1628257Z [ 97%] Built target test_api_float_nonfinite
Unit (ubuntu-latest, arch=x86_64, WITH_TESTS=ON)	Build	2025-10-19T06:37:20.1730472Z [ 97%] Built target test_api_coils_array
Unit (ubuntu-latest, arch=x86_64, WITH_TESTS=ON)	Build	2025-10-19T06:37:20.1761175Z [ 97%] Built target test_config_invalid_double
Unit (ubuntu-latest, arch=x86_64, WITH_TESTS=ON)	Build	2025-10-19T06:37:20.1765637Z [ 97%] Built target test_api_double_read_array
Unit (ubuntu-latest, arch=x86_64, WITH_TESTS=ON)	Build	2025-10-19T06:37:20.1822516Z [ 97%] Built target test_api_double_write_number
Unit (ubuntu-latest, arch=x86_64, WITH_TESTS=ON)	Build	2025-10-19T06:37:20.1850999Z [ 97%] Built target test_scale_zero
Unit (ubuntu-latest, arch=x86_64, WITH_TESTS=ON)	Build	2025-10-19T06:37:20.1855714Z [ 97%] Built target test_config_invalid
Unit (ubuntu-latest, arch=x86_64, WITH_TESTS=ON)	Build	2025-10-19T06:37:20.2009280Z [ 97%] Built target test_api_int16_scale_bounds
Unit (ubuntu-latest, arch=x86_64, WITH_TESTS=ON)	Build	2025-10-19T06:37:20.2080458Z [ 97%] Built target test_api_double_word_order_dcba
Unit (ubuntu-latest, arch=x86_64, WITH_TESTS=ON)	Build	2025-10-19T06:37:20.2183702Z [ 97%] Built target test_api_float_swap
Unit (ubuntu-latest, arch=x86_64, WITH_TESTS=ON)	Build	2025-10-19T06:37:20.2195313Z gmake: *** [Makefile:101: all] Error 2
Unit (ubuntu-latest, arch=x86_64, WITH_TESTS=ON)	Build	2025-10-19T06:37:20.2229618Z ##[error]Process completed with exit code 2.
Unit (ubuntu-latest, arch=x86_64, WITH_TESTS=ON)	Upload unit test logs (always)	‚à©‚ïó‚îê2025-10-19T06:37:20.2328677Z ##[group]Run actions/upload-artifact@v4
Unit (ubuntu-latest, arch=x86_64, WITH_TESTS=ON)	Upload unit test logs (always)	2025-10-19T06:37:20.2328953Z with:
Unit (ubuntu-latest, arch=x86_64, WITH_TESTS=ON)	Upload unit test logs (always)	2025-10-19T06:37:20.2329179Z   name: ctest-logs-unit-ubuntu-latest-x86_64-tests_ON
Unit (ubuntu-latest, arch=x86_64, WITH_TESTS=ON)	Upload unit test logs (always)	2025-10-19T06:37:20.2329533Z   path: build/Testing
Unit (ubuntu-latest, arch=x86_64, WITH_TESTS=ON)	Upload unit test logs (always)	build/LastTest.log
Unit (ubuntu-latest, arch=x86_64, WITH_TESTS=ON)	Upload unit test logs (always)	build/**/LastTest.log
Unit (ubuntu-latest, arch=x86_64, WITH_TESTS=ON)	Upload unit test logs (always)	
Unit (ubuntu-latest, arch=x86_64, WITH_TESTS=ON)	Upload unit test logs (always)	2025-10-19T06:37:20.2329851Z   if-no-files-found: warn
Unit (ubuntu-latest, arch=x86_64, WITH_TESTS=ON)	Upload unit test logs (always)	2025-10-19T06:37:20.2330049Z   compression-level: 6
Unit (ubuntu-latest, arch=x86_64, WITH_TESTS=ON)	Upload unit test logs (always)	2025-10-19T06:37:20.2330237Z   overwrite: false
Unit (ubuntu-latest, arch=x86_64, WITH_TESTS=ON)	Upload unit test logs (always)	2025-10-19T06:37:20.2330421Z   include-hidden-files: false
Unit (ubuntu-latest, arch=x86_64, WITH_TESTS=ON)	Upload unit test logs (always)	2025-10-19T06:37:20.2330625Z ##[endgroup]
Unit (ubuntu-latest, arch=x86_64, WITH_TESTS=ON)	Upload unit test logs (always)	2025-10-19T06:37:20.7926683Z ##[warning]No files were found with the provided path: build/Testing
Unit (ubuntu-latest, arch=x86_64, WITH_TESTS=ON)	Upload unit test logs (always)	build/LastTest.log
Unit (ubuntu-latest, arch=x86_64, WITH_TESTS=ON)	Upload unit test logs (always)	build/**/LastTest.log. No artifacts will be uploaded.
Unit (ubuntu-latest, arch=x86_64, WITH_TESTS=ON)	Post Run actions/checkout@v4	‚à©‚ïó‚îê2025-10-19T06:37:20.8071923Z Post job cleanup.
Unit (ubuntu-latest, arch=x86_64, WITH_TESTS=ON)	Post Run actions/checkout@v4	2025-10-19T06:37:20.9030075Z [command]/usr/bin/git version
Unit (ubuntu-latest, arch=x86_64, WITH_TESTS=ON)	Post Run actions/checkout@v4	2025-10-19T06:37:20.9070388Z git version 2.51.0
Unit (ubuntu-latest, arch=x86_64, WITH_TESTS=ON)	Post Run actions/checkout@v4	2025-10-19T06:37:20.9118307Z Temporarily overriding HOME='/home/runner/work/_temp/cbbad0e4-5f22-45b0-823f-0837e5e875ee' before making global git config changes
Unit (ubuntu-latest, arch=x86_64, WITH_TESTS=ON)	Post Run actions/checkout@v4	2025-10-19T06:37:20.9120435Z Adding repository directory to the temporary git global config as a safe directory
Unit (ubuntu-latest, arch=x86_64, WITH_TESTS=ON)	Post Run actions/checkout@v4	2025-10-19T06:37:20.9125130Z [command]/usr/bin/git config --global --add safe.directory /home/runner/work/webiq-modbus-iohandler/webiq-modbus-iohandler
Unit (ubuntu-latest, arch=x86_64, WITH_TESTS=ON)	Post Run actions/checkout@v4	2025-10-19T06:37:20.9169199Z [command]/usr/bin/git config --local --name-only --get-regexp core\.sshCommand
Unit (ubuntu-latest, arch=x86_64, WITH_TESTS=ON)	Post Run actions/checkout@v4	2025-10-19T06:37:20.9205329Z [command]/usr/bin/git submodule foreach --recursive sh -c "git config --local --name-only --get-regexp 'core\.sshCommand' && git config --local --unset-all 'core.sshCommand' || :"
Unit (ubuntu-latest, arch=x86_64, WITH_TESTS=ON)	Post Run actions/checkout@v4	2025-10-19T06:37:20.9445384Z [command]/usr/bin/git config --local --name-only --get-regexp http\.https\:\/\/github\.com\/\.extraheader
Unit (ubuntu-latest, arch=x86_64, WITH_TESTS=ON)	Post Run actions/checkout@v4	2025-10-19T06:37:20.9468888Z http.https://github.com/.extraheader
Unit (ubuntu-latest, arch=x86_64, WITH_TESTS=ON)	Post Run actions/checkout@v4	2025-10-19T06:37:20.9483875Z [command]/usr/bin/git config --local --unset-all http.https://github.com/.extraheader
Unit (ubuntu-latest, arch=x86_64, WITH_TESTS=ON)	Post Run actions/checkout@v4	2025-10-19T06:37:20.9518176Z [command]/usr/bin/git submodule foreach --recursive sh -c "git config --local --name-only --get-regexp 'http\.https\:\/\/github\.com\/\.extraheader' && git config --local --unset-all 'http.https://github.com/.extraheader' || :"
Unit (ubuntu-latest, arch=x86_64, WITH_TESTS=ON)	Complete job	‚à©‚ïó‚îê2025-10-19T06:37:20.9855669Z Cleaning up orphan processes
